Microsoft Windows [Version 10.0.26200.7462]
(c) Microsoft Corporation. All rights reserved.

C:\Users\udays\git demo>git --version
git version 2.52.0.windows.1

C:\Users\udays\git demo>git clone https://github.com/udaycodes2/demo.git
Cloning into 'demo'...
remote: Compressing objects: 100% (3/3), done.
Receiving objects: 100% (6/6), done.

C:\Users\udays\git demo>git status
fatal: not a git repository (or any of the parent directories): .git        

C:\Users\udays\git demo>git status
fatal: not a git repository (or any of the parent directories): .git

C:\Users\udays\git demo>ls
demo

C:\Users\udays\git demo>cd demo

C:\Users\udays\git demo\demo>ls -a
.  ..  .git  README.md

C:\Users\udays\git demo\demo>git status
On branch main
Your branch is up to date with 'origin/main'.       

Changes not staged for commit:
  (use "git add <file>..." to update what will be committed)
  (use "git restore <file>..." to discard changes in working directory)
        modified:   README.md

no changes added to commit (use "git add" and/or "git commit -a")

C:\Users\udays\git demo\demo>git status
On branch main
Your branch is up to date with 'origin/main'.       

Changes not staged for commit:
  (use "git add <file>..." to update what will be committed)
  (use "git restore <file>..." to discard changes in working directory)
        modified:   README.md

Untracked files:
  (use "git add <file>..." to include in what will be committed)
        index.html

no changes added to commit (use "git add" and/or "git commit -a")

C:\Users\udays\git demo\demo>git add index.html  

C:\Users\udays\git demo\demo>git status
On branch main
Your branch is up to date with 'origin/main'.       

Changes to be committed:
  (use "git restore --staged <file>..." to unstage) 
        new file:   index.html

Changes not staged for commit:
  (use "git add <file>..." to update what will be committed)
  (use "git restore <file>..." to discard changes in working directory)
        modified:   README.md


C:\Users\udays\git demo\demo>git add .

C:\Users\udays\git demo\demo>git commit -m"learning 
1"
[main 5754b21] learning 1
 2 files changed, 2 insertions(+), 1 deletion(-)    
 create mode 100644 index.html

C:\Users\udays\git demo\demo>git push origin main
info: please complete authentication in your browser...
Enumerating objects: 6, done.
Counting objects: 100% (6/6), done.
Delta compression using up to 16 threads
Compressing objects: 100% (3/3), done.
Writing objects: 100% (4/4), 379 bytes | 126.00 KiB/s, done.
Total 4 (delta 0), reused 0 (delta 0), pack-reused 0 (from 0)
To https://github.com/udaycodes2/demo.git
   7d5223a..5754b21  main -> main

C:\Users\udays\git demo\demo>cd ..

C:\Users\udays\git demo>mkdir
The syntax of the command is incorrect.

C:\Users\udays\git demo>mkdir LocalRepo

C:\Users\udays\git demo>cd LocalRepo

C:\Users\udays\git demo\LocalRepo>ls -a
.  ..

C:\Users\udays\git demo\LocalRepo>git init
Initialized empty Git repository in C:/Users/udays/git demo/LocalRepo/.git/

C:\Users\udays\git demo\LocalRepo>git add .

C:\Users\udays\git demo\LocalRepo>git commit -m"New files"
[main (root-commit) 83b1171] New files
 2 files changed, 4 insertions(+)
 create mode 100644 index.html
 create mode 100644 style.css

C:\Users\udays\git demo\LocalRepo>git remote add ori
gin https://github.com/udaycodes2/newRepo.git

C:\Users\udays\git demo\LocalRepo>git remote -v
origin  https://github.com/udaycodes2/newRepo.git (fetch)
origin  https://github.com/udaycodes2/newRepo.git (push)

C:\Users\udays\git demo\LocalRepo>git branch
* main

C:\Users\udays\git demo\LocalRepo>git branch -M main


C:\Users\udays\git demo\LocalRepo>git push -u origin main
Enumerating objects: 4, done.
Counting objects: 100% (4/4), done.
Delta compression using up to 16 threads
Compressing objects: 100% (2/2), done.
Writing objects: 100% (4/4), 317 bytes | 317.00 KiB/s, done.
Total 4 (delta 0), reused 0 (delta 0), pack-reused 0 (from 0)
To https://github.com/udaycodes2/newRepo.git
 * [new branch]      main -> main
branch 'main' set up to track 'origin/main'.        

C:\Users\udays\git demo\LocalRepo>git add .

C:\Users\udays\git demo\LocalRepo>git commit -m"yes "
[main b245ae7] yes
 1 file changed, 1 insertion(+)
 create mode 100644 README.md

C:\Users\udays\git demo\LocalRepo>git push
Enumerating objects: 4, done.
Counting objects: 100% (4/4), done.
Delta compression using up to 16 threads
Compressing objects: 100% (2/2), done.
Writing objects: 100% (3/3), 327 bytes | 327.00 KiB/s, done.
Total 3 (delta 0), reused 0 (delta 0), pack-reused 0 (from 0)
To https://github.com/udaycodes2/newRepo.git
   83b1171..b245ae7  main -> main

C:\Users\udays\git demo\LocalRepo>git add README.md

C:\Users\udays\git demo\LocalRepo>git commit -m "added #"
[main 2a11d57] added #
 1 file changed, 1 insertion(+), 1 deletion(-)      

C:\Users\udays\git demo\LocalRepo>git push 
Enumerating objects: 5, done.
Counting objects: 100% (5/5), done.
Delta compression using up to 16 threads
Compressing objects: 100% (2/2), done.
Writing objects: 100% (3/3), 332 bytes | 332.00 KiB/s, done.
Total 3 (delta 0), reused 0 (delta 0), pack-reused 0 (from 0)
To https://github.com/udaycodes2/newRepo.git
   b245ae7..2a11d57  main -> main

C:\Users\udays\git demo\LocalRepo>git checkout -b fe
ature1
Switched to a new branch 'feature1'

C:\Users\udays\git demo\LocalRepo>git branch
* feature1
  main

C:\Users\udays\git demo\LocalRepo>git branch main
fatal: a branch named 'main' already exists

C:\Users\udays\git demo\LocalRepo>git checkout main
Switched to branch 'main'
Your branch is up to date with 'origin/main'.       

C:\Users\udays\git demo\LocalRepo>git branch
  feature1
* main

C:\Users\udays\git demo\LocalRepo>git chechout -b fe
ature2
git: 'chechout' is not a git command. See 'git --help'.

The most similar command is
        checkout

C:\Users\udays\git demo\LocalRepo>git checkout -b fe
ature2
Switched to a new branch 'feature2'

C:\Users\udays\git demo\LocalRepo>git branch -d feat
ure2
error: cannot delete branch 'feature2' used by worktree at 'C:/Users/udays/git demo/LocalRepo'

C:\Users\udays\git demo\LocalRepo>git checkout main
Switched to branch 'main'
Your branch is up to date with 'origin/main'.       

C:\Users\udays\git demo\LocalRepo>git branch -d feat
ure2
Deleted branch feature2 (was 2a11d57).

C:\Users\udays\git demo\LocalRepo>git checkout featu
re1
Switched to branch 'feature1'

C:\Users\udays\git demo\LocalRepo>git status
On branch feature1
Changes not staged for commit:
  (use "git add <file>..." to update what will be committed)
  (use "git restore <file>..." to discard changes in working directory)
        modified:   index.html

no changes added to commit (use "git add" and/or "git commit -a")

C:\Users\udays\git demo\LocalRepo>git add .

C:\Users\udays\git demo\LocalRepo>git commit -m"add new feature"
[feature1 7016a78] add new feature
 1 file changed, 2 insertions(+), 1 deletion(-)     

C:\Users\udays\git demo\LocalRepo>git checkout main
Switched to branch 'main'
Your branch is up to date with 'origin/main'.       

C:\Users\udays\git demo\LocalRepo>git checkout featu
re1
Switched to branch 'feature1'

C:\Users\udays\git demo\LocalRepo>git push origin feature1
Enumerating objects: 5, done.
Counting objects: 100% (5/5), done.
Delta compression using up to 16 threads
Compressing objects: 100% (3/3), done.
Writing objects: 100% (3/3), 362 bytes | 362.00 KiB/s, done.
Total 3 (delta 0), reused 0 (delta 0), pack-reused 0 (from 0)
remote: 
remote: Create a pull request for 'feature1' on GitHub by visiting:
remote:      https://github.com/udaycodes2/newRepo/pull/new/feature1
remote:
To https://github.com/udaycodes2/newRepo.git        
 * [new branch]      feature1 -> feature1

C:\Users\udays\git demo\LocalRepo>git branch
* feature1
  main

C:\Users\udays\git demo\LocalRepo>git diff main
diff --git a/index.html b/index.html
index 6e83930..19e61d5 100644
--- a/index.html
+++ b/index.html
diff --git a/index.html b/index.html
index 6e83930..19e61d5 100644
--- a/index.html
+++ b/index.html
diff --git a/index.html b/index.html
index 6e83930..19e61d5 100644
--- a/index.html
+++ b/index.html
@@ -1 +1,2 @@
-<p>Loenie aperiam, </p>
...skipping...
diff --git a/index.html b/index.html
diff --git a/index.html b/index.html
diff --git a/index.html b/index.html
index 6e83930..19e61d5 100644
--- a/index.html
+++ b/index.html
diff --git a/index.html b/index.html
index 6e83930..19e61d5 100644
--- a/index.html
+++ b/index.html
diff --git a/index.html b/index.html
index 6e83930..19e61d5 100644
--- a/index.html
+++ b/index.html
--- a/index.html
+++ b/index.html
@@ -1 +1,2 @@
-<p>Loenie aperiam, </p>
\ No newline at end of file
+<p>Loenie aperiam, </p>
+<p>This is a new feature</p>
\ No newline at end of file
(END)
@@ -1 +1,2 @@
-<p>Loenie aperiam, </p>
\ No newline at end of file
+<p>Loenie aperiam, </p>
+<p>This is a new feature</p>
\ No newline at end of file
~
~
~
~


C:\Users\udays\git demo\LocalRepo>git checkout main
Switched to branch 'main'
Your branch is up to date with 'origin/main'.       

C:\Users\udays\git demo\LocalRepo>git pull origin MAIN
fatal: couldn't find remote ref MAIN

C:\Users\udays\git demo\LocalRepo>git pull origin ma
in
remote: Enumerating objects: 1, done.
remote: Counting objects: 100% (1/1), done.
remote: Total 1 (delta 0), reused 0 (delta 0), pack-reused 0 (from 0)
Unpacking objects: 100% (1/1), 889 bytes | 296.00 KiB/s, done.
From https://github.com/udaycodes2/newRepo
 * branch            main       -> FETCH_HEAD       
   2a11d57..bef3c33  main       -> origin/main
Updating 2a11d57..bef3c33
Fast-forward
 index.html | 3 ++-
 1 file changed, 2 insertions(+), 1 deletion(-)

C:\Users\udays\git demo\LocalRepo>git add .

C:\Users\udays\git demo\LocalRepo>git chechout feature 1
git: 'chechout' is not a git command. See 'git --help'.

The most similar command is
        checkout

C:\Users\udays\git demo\LocalRepo>git checkout feature1
M       index.html
Switched to branch 'feature1'

C:\Users\udays\git demo\LocalRepo>git checkout main
M       index.html
Switched to branch 'main'
Your branch is up to date with 'origin/main'.

C:\Users\udays\git demo\LocalRepo>git checkout feature1
M       index.html
Switched to branch 'feature1'

C:\Users\udays\git demo\LocalRepo>git add .

C:\Users\udays\git demo\LocalRepo>git status
On branch feature1
Changes to be committed:
  (use "git restore --staged <file>..." to unstage)
        modified:   index.html


C:\Users\udays\git demo\LocalRepo>git branch status

C:\Users\udays\git demo\LocalRepo>git branch
* feature1
  main
  status

C:\Users\udays\git demo\LocalRepo>git checkout main
M       index.html
Switched to branch 'main'
Your branch is up to date with 'origin/main'.

C:\Users\udays\git demo\LocalRepo>git checkout feature1
M       index.html
Switched to branch 'feature1'

C:\Users\udays\git demo\LocalRepo>git add .

C:\Users\udays\git demo\LocalRepo>git commit -m"feature 1" 
[feature1 2101514] feature 1
 1 file changed, 1 insertion(+), 1 deletion(-)      

C:\Users\udays\git demo\LocalRepo>git checkout main 
Switched to branch 'main'
Your branch is up to date with 'origin/main'.       

C:\Users\udays\git demo\LocalRepo>git add .

C:\Users\udays\git demo\LocalRepo>git commit -m"feat
ure 2"
[main 299ab2d] feature 2
 1 file changed, 1 insertion(+), 1 deletion(-)      

C:\Users\udays\git demo\LocalRepo>git diff feature1
diff --git a/index.html b/index.html
index 2658c4c..a391c91 100644
--- a/index.html
+++ b/index.html
 <p>Loenie aperiam, </p>
-<p>This is a new feature(button)hi</p>
\ No newline at end of file
+<p>This is a new feature(yo)</p>
\ No newline at end of file

C:\Users\udays\git demo\LocalRepo>git merge feature1
Auto-merging index.html
CONFLICT (content): Merge conflict in index.html
Automatic merge failed; fix conflicts and then commit the result.

C:\Users\udays\git demo\LocalRepo>git status
On branch main
Your branch is ahead of 'origin/main' by 1 commit.
  (use "git push" to publish your local commits)

You have unmerged paths.
  (fix conflicts and run "git commit")
  (use "git merge --abort" to abort the merge)

Unmerged paths:
  (use "git add <file>..." to mark resolution)
        both modified:   index.html

no changes added to commit (use "git add" and/or "git commit -a")

C:\Users\udays\git demo\LocalRepo>git add .

C:\Users\udays\git demo\LocalRepo>git status
On branch main
Your branch is ahead of 'origin/main' by 1 commit.
  (use "git push" to publish your local commits)

All conflicts fixed but you are still merging.
  (use "git commit" to conclude merge)

Changes to be committed:
        modified:   index.html


C:\Users\udays\git demo\LocalRepo>git commit -m"both feature"
[main b1d3973] both feature

C:\Users\udays\git demo\LocalRepo>git status
On branch main
Your branch is ahead of 'origin/main' by 3 commits.
  (use "git push" to publish your local commits)

nothing to commit, working tree clean

C:\Users\udays\git demo\LocalRepo>git diff main

C:\Users\udays\git demo\LocalRepo>git diff feature
fatal: ambiguous argument 'feature': unknown revision or path not in the working tree.
Use '--' to separate paths from revisions, like this:
'git <command> [<revision>...] -- [<file>...]'

C:\Users\udays\git demo\LocalRepo>git diff feature1
diff --git a/index.html b/index.html
index 2658c4c..83201da 100644
--- a/index.html
+++ b/index.html
@@ -1,2 +1,3 @@
 <p>Loenie aperiam, </p>
-<p>This is a new feature(button)hi</p>
\ No newline at end of file
+<p>This is a new feature(yo)</p>
+<p>This is a new feature(button)hi</p>

C:\Users\udays\git demo\LocalRepo>git checkout feature1
Switched to branch 'feature1'

Fast-forward
 index.html | 3 ++-
 1 file changed, 2 insertions(+), 1 deletion(-)

(-)

C:\Users\udays\git demo\LocalRepo>git push  
fatal: The current branch feature1 has no upstream branch.
To push the current branch and set the remote as upstream, use

    git push --set-upstream origin feature1 

To have this happen automatically for branches without a tracking
upstream, see 'push.autoSetupRemote' in 'git help config'.


C:\Users\udays\git demo\LocalRepo>git add .
Unstaged changes after reset:
M       index.html

C:\Users\udays\git demo\LocalRepo>git status
On branch feature1
Changes not staged for commit:
  (use "git add <file>..." to update what will be committed)
  (use "git restore <file>..." to discard changes in working directory)
        modified:   index.html

no changes added to commit (use "git add" and/or "git commit -a")

C:\Users\udays\git demo\LocalRepo>git checkout main
M       index.html
Switched to branch 'main'
Your branch is ahead of 'origin/main' by 3 commits.
  (use "git push" to publish your local commits)

C:\Users\udays\git demo\LocalRepo>git checkout feature1
M       index.html
Switched to branch 'feature1'

C:\Users\udays\git demo\LocalRepo>git add .

C:\Users\udays\git demo\LocalRepo>git checkout main
M       index.html
Switched to branch 'main'
Your branch is ahead of 'origin/main' by 3 commits.
  (use "git push" to publish your local commits)

C:\Users\udays\git demo\LocalRepo>git checkout feature1
M       index.html
Switched to branch 'feature1'

C:\Users\udays\git demo\LocalRepo>git status
On branch feature1
Changes to be committed:
  (use "git restore --staged <file>..." to unstage)
        modified:   index.html


C:\Users\udays\git demo\LocalRepo>git commit -m "delete button"
[feature1 0947780] delete button
 1 file changed, 1 deletion(-)

C:\Users\udays\git demo\LocalRepo>git checkout main
Switched to branch 'main'
Your branch is ahead of 'origin/main' by 3 commits.
  (use "git push" to publish your local commits)

C:\Users\udays\git demo\LocalRepo>git checkout feature1
Switched to branch 'feature1'

C:\Users\udays\git demo\LocalRepo>git reset HEAD~1
Unstaged changes after reset:
M       index.html

C:\Users\udays\git demo\LocalRepo>git log
commit b1d397311ee159298e186887bafe373933ec2920 (HEAD -> feature1, main)
Merge: 299ab2d 2101514
Author: Udaycodes2 <udaysaini0210@gmail.com>
Date:   Thu Jan 8 22:38:37 2026 +0530

    both feature

commit 299ab2d5ed75ece9c855e3a2c00e146516b1f548
Author: Udaycodes2 <udaysaini0210@gmail.com>
Date:   Thu Jan 8 22:32:37 2026 +0530

    feature 2

commit 21015143aec07b7f1fb459ac207c705040743600
Author: Udaycodes2 <udaysaini0210@gmail.com>
Date:   Thu Jan 8 22:31:11 2026 +0530

C:\Users\udays\git demo\LocalRepo>
C:\Users\udays\git demo\LocalRepo>git commit b1d397311ee159298e186887bafe373933ec2920
error: pathspec 'b1d397311ee159298e186887bafe373933ec2920' did not match any file(s) known to git

C:\Users\udays\git demo\LocalRepo>git reset b1d397311ee159298e186887bafe373933ec2920
Unstaged changes after reset:
M       index.html

C:\Users\udays\git demo\LocalRepo>git log
commit b1d397311ee159298e186887bafe373933ec2920 (HEAD -> feature1, main)
Merge: 299ab2d 2101514
Author: Udaycodes2 <udaysaini0210@gmail.com>
Date:   Thu Jan 8 22:38:37 2026 +0530

    both feature

commit 299ab2d5ed75ece9c855e3a2c00e146516b1f548
Author: Udaycodes2 <udaysaini0210@gmail.com>
Date:   Thu Jan 8 22:32:37 2026 +0530

    feature 2

commit 21015143aec07b7f1fb459ac207c705040743600
Author: Udaycodes2 <udaysaini0210@gmail.com>
Date:   Thu Jan 8 22:31:11 2026 +0530

C:\Users\udays\git demo\LocalRepo>
C:\Users\udays\git demo\LocalRepo>git reset 21015143aec07b7f1fb459ac207c705040743600
Unstaged changes after reset:
M       index.html

C:\Users\udays\git demo\LocalRepo>git log
commit 21015143aec07b7f1fb459ac207c705040743600 (HEAD -> feature1)
Author: Udaycodes2 <udaysaini0210@gmail.com>
Date:   Thu Jan 8 22:31:11 2026 +0530

    feature 1

commit 7016a7825b75b8b7fcaf65f9af543f90d1cc6b26 (origin/feature1, status)
Author: Udaycodes2 <udaysaini0210@gmail.com>
Date:   Thu Jan 8 22:09:33 2026 +0530

    add new feature

commit 2a11d5767ab97306def9f3728f1a49abad842980
Author: Udaycodes2 <udaysaini0210@gmail.com>
Date:   Thu Jan 8 20:45:11 2026 +0530

    added #


C:\Users\udays\git demo\LocalRepo>git checkout main
error: Your local changes to the following files would be overwritten by checkout:
        index.html
Please commit your changes or stash them before you switch branches.
Aborting

C:\Users\udays\git demo\LocalRepo>git add .

C:\Users\udays\git demo\LocalRepo>git commit -m"Playing"
[feature1 46ea057] Playing
 1 file changed, 1 insertion(+), 1 deletion(-)

C:\Users\udays\git demo\LocalRepo>git checkout main
Switched to branch 'main'
Your branch is ahead of 'origin/main' by 3 commits.
  (use "git push" to publish your local commits)

C:\Users\udays\git demo\LocalRepo> 